// Jest Snapshot v1, https://goo.gl/fbAQLP

exports[`Test for Missions components Check if the Missions section are available 1`] = `
<section
  id="missions-section"
>
  <table
    className="missions-table"
  >
    <thead>
      <tr>
        <th>
          Mission
        </th>
        <th>
          Descripton
        </th>
        <th>
          Status
        </th>
        <th />
      </tr>
    </thead>
    <tbody />
  </table>
</section>
`;
